mode Properties

## format
1: comment"# A comment."
2: key"name " delimiter"=" value" demo"
3: key"color.text " delimiter"=" value" 0 0 0"
4: comment"! another comment"
5: key"path" delimiter"=" value"/usr/local"

## indent
1: 0
2: 0
3: 0
4: 0
5: 0

## tags

## comment
(unchanged)

## uncomment
(restored)
