mode Diff

## format
1: header"diff --git a/demo.c b/demo.c"
2: context"index 1234567..89abcde 100644"
3: header"--- a/demo.c"
4: header"+++ b/demo.c"
5: header"@@ -1,4 +1,4 @@"
6: context" #include <stdio.h>"
7: deleted"-int count = 0;"
8: inserted"+int count = 1;"
9: context" int main(void)"

## indent
1: 0
2: 0
3: 0
4: 0
5: 0
6: 0
7: 0
8: 0
9: 0

## tags

## comment
(unchanged)

## uncomment
(restored)
